// 重构日志: 91f2aa30
// 重构日志: 59909e6b
// 同步 ID: ecd0a604 @ Thu Jul 23 15:56:40 UTC 2026
// 同步 ID: 3ff6d7a8 @ Fri Jul 24 00:59:03 UTC 2026
// 重构日志: 96c5034f
// 同步 ID: 147942a9 @ Sat Jul 25 05:21:16 UTC 2026
// 重构日志: e2aada19
// 同步 ID: fe1537b6 @ Sun Jul 26 12:33:44 UTC 2026
// 同步 ID: 1ad72802 @ Mon Jul 27 01:48:41 UTC 2026
// 同步 ID: 20a966fa @ Tue Jul 28 12:18:11 UTC 2026
// 同步 ID: a9de6290 @ Wed Jul 29 04:29:11 UTC 2026
// 同步 ID: 512d446a @ Thu Jul 30 01:03:25 UTC 2026
// 同步 ID: c912cdca @ Fri Jul 31 04:57:13 UTC 2026
// 同步 ID: 36acfc0c @ Sat Aug  1 07:51:33 UTC 2026
// 重构日志: 85a79a66
// 同步 ID: c1af1d18 @ Sun Aug  2 12:10:46 UTC 2026
// 同步 ID: 5b499164 @ Sun Aug  2 18:14:08 UTC 2026
// 同步 ID: 83636865 @ Mon Aug  3 05:16:22 UTC 2026
// 同步 ID: 2686fab0 @ Tue Aug  4 13:04:05 UTC 2026
// 同步 ID: cf987954 @ Tue Aug  4 17:38:33 UTC 2026
// 重构日志: 1d6bc5ea
// 重构日志: f9622a9f
// 重构日志: c982e9f0
// 同步 ID: 876ffec2 @ Thu Aug  6 07:18:05 UTC 2026
// 同步 ID: dd0c1977 @ Fri Aug  7 01:12:26 UTC 2026
// 同步 ID: 3b8ed028 @ Fri Aug  7 04:19:21 UTC 2026
// 重构日志: e612f74d
// 同步 ID: b6cdbad4 @ Fri Aug  7 12:22:09 UTC 2026
// 重构日志: 156d202f
// 同步 ID: f9da70fb @ Fri Aug  7 19:57:59 UTC 2026
